23e00000 T _start
23e00020 t _undefined_instruction
23e00024 t _software_interrupt
23e00028 t _prefetch_abort
23e0002c t _data_abort
23e00030 t _not_used
23e00034 t _irq
23e00038 t _fiq
23e0003c t _pad
23e00040 T _TEXT_BASE
23e00040 T _end_vect
23e00044 T _bss_start_ofs
23e00048 T _image_copy_end_ofs
23e0004c T _bss_end_ofs
23e00050 T _end_ofs
23e00054 T IRQ_STACK_START_IN
23e00058 t reset
23e00070 t call_board_init_f
23e000f4 t nand_boot_210
23e000f8 t mmcsd_boot_210
23e000fc t board_init_in_ram
23e00100 T relocate_code
23e0010c t stack_setup
23e0012c t copy_loop
23e0015c t fixloop
23e00180 t fixabs
23e00194 t fixrel
23e0019c t fixnext
23e001b0 t _rel_dyn_start_ofs
23e001b4 t _rel_dyn_end_ofs
23e001b8 t _dynsym_start_ofs
23e001bc t clear_bss
23e001d4 t clbss_l
23e001e4 t jump_2_ram
23e0020c t _board_init_r_ofs
23e00210 t cpu_init_crit
23e00260 t undefined_instruction
23e002c0 t software_interrupt
23e00320 t prefetch_abort
23e00380 t data_abort
23e003e0 t not_used
23e00440 t irq
23e004a0 t fiq
23e00500 T invalidate_dcache_all
23e00504 T flush_dcache_all
23e00508 T invalidate_dcache_range
23e0050c T flush_dcache_range
23e00510 T arm_init_before_mmu
23e00514 T flush_cache
23e00518 T invalidate_icache_all
23e00530 T __v7_outer_cache_enable
23e00534 T __v7_outer_cache_disable
23e00538 T __v7_outer_cache_flush_all
23e00538 W v7_outer_cache_flush_all
23e0053c T __v7_outer_cache_inval_all
23e0053c W v7_outer_cache_inval_all
23e00540 T __v7_outer_cache_flush_range
23e00540 W v7_outer_cache_flush_range
23e00544 T __v7_outer_cache_inval_range
23e00544 W v7_outer_cache_inval_range
23e00548 T save_boot_params_default
23e00548 W save_boot_params
23e0054c T cleanup_before_linux
23e0056c T sdelay
23e00578 T sr32
23e00598 T wait_on_value
23e005dc T s3c_usb_phy_off
23e00608 T s3c_usb_core_soft_reset
23e00628 T s3c_usb_init_core
23e00644 T s3c_usb_check_current_mode
23e00658 T s3c_usb_set_soft_disconnect
23e0066c T s3c_usb_clear_soft_disconnect
23e00680 T s3c_usb_init_device
23e006c0 T s3c_usbc_activate
23e006c8 T s3c_usb_stop
23e006dc T s3c_usb_set_inep_xfersize
23e00710 T s3c_usb_set_outep_xfersize
23e00744 T s3c_usb_write_ep0_fifo
23e0079c T s3c_usb_write_in_fifo
23e007f4 T s3c_usb_read_out_fifo
23e00848 T s3c_usb_get_desc
23e00a18 T s3c_usb_clear_feature
23e00a94 T s3c_usb_set_feature
23e00bf4 T s3c_usb_get_status
23e00c9c T s3c_usb_ep0_int_hndlr
23e00ebc T s3c_usb_set_otherspeed_conf_desc
23e00fdc T s3c_usb_transfer_ep0
23e01de0 T s3c_usb_int_bulkin
23e01fc8 T s3c_usb_upload_start
23e02224 T s3c_usb_dma_in_done
23e02334 T s3c_usb_set_all_outep_nak
23e0235c T s3c_usb_clear_all_outep_nak
23e02384 T s3c_usb_set_max_pktsize
23e02434 T s3c_usb_set_endpoint
23e02494 T s3c_usb_set_descriptors
23e02630 T s3c_usb_check_speed
23e02648 T s3c_usb_clear_dnfile_info
23e02688 T s3c_usb_clear_upfile_info
23e026c8 T s3c_usb_check_setconf
23e026f8 T s3c_usb_set_opmode
23e027c4 T s3c_usb_reset
23e0282c T s3c_usb_set_init
23e02888 T s3c_usb_download_start
23e02b30 T s3c_usb_verify_checksum
23e02c08 T s3c_usb_print_pkt
23e02c54 T s3c_usb_dma_out_done
23e02d70 T s3c_usb_transfer
23e02e94 T s3c_usb_wait_cable_insert
23e02ee0 T s3c_usb_init_phy
23e02f20 T s3c_usbctl_init
23e02fe4 T s3c_usb_download_continue
23e0323c T s3c_usb_int_bulkout
23e0328c T s3c_usb_pkt_receive
23e03310 T s3c_udc_int_hndlr
23e033b4 T arch_cpu_init
23e033e4 T get_device_type
23e033f4 T print_cpuinfo
23e03438 t s5p_get_base_timer
23e03470 T reset_timer_masked
23e0348c T get_timer_masked
23e034d4 T get_timer
23e034e8 T __udelay
23e03580 T get_ticks
23e03594 T get_tbclk
23e0359c T timer_init
23e035d0 T s5p_config_sromc
23e0362c t samsung_get_base_timer
23e03664 T pwm_enable
23e03698 T pwm_disable
23e036c8 T pwm_init
23e03798 T pwm_config
23e038e0 t cpu_is_s5pc110
23e03904 t samsung_get_base_clock
23e03934 T set_mmc_clk
23e03938 T get_pll_clk
23e03a74 t s5pc100_get_pclk
23e03aac T get_arm_clk
23e03b0c t s5pc110_get_pclk
23e03b4c T get_uart_clk
23e03b6c T get_pwm_clk
23e03ba0 T v7_outer_cache_enable
23e03bb4 T v7_outer_cache_disable
23e03be0 T reset_cpu
23e03c10 t _loop_forever
23e03c1c T __coloured_LED_init
23e03c1c W coloured_LED_init
23e03c20 T __red_LED_on
23e03c20 W red_LED_on
23e03c24 T __red_LED_off
23e03c24 W red_LED_off
23e03c28 T __green_LED_on
23e03c28 W green_LED_on
23e03c2c T __green_LED_off
23e03c2c W green_LED_off
23e03c30 T __yellow_LED_on
23e03c30 W yellow_LED_on
23e03c34 T __yellow_LED_off
23e03c34 W yellow_LED_off
23e03c38 T __blue_LED_on
23e03c38 W blue_LED_on
23e03c3c T __blue_LED_off
23e03c3c W blue_LED_off
23e03c40 T __dram_init_banksize
23e03c5c T board_init_f_nand
23e03c60 t display_banner
23e03c80 t init_baudrate
23e03cd4 T hang
23e03ce4 T board_init_r
23e03df8 T board_init_f
23e03f10 T do_bootm_linux
23e040d8 T arch_lmb_reserve
23e040fc T __flush_cache
23e04100 T __flush_dcache_all
23e0410c T __enable_caches
23e0410c W enable_caches
23e04118 t get_cr
23e04120 t set_cr
23e04128 T __arm_init_before_mmu
23e0412c t cp_delay
23e0415c T icache_enable
23e04178 T icache_status
23e0418c T dcache_enable
23e04190 T dcache_disable
23e04194 T dcache_status
23e0419c T icache_disable
23e041b8 T interrupt_init
23e041d4 T enable_interrupts
23e041d8 T disable_interrupts
23e041e0 T show_regs
23e04320 T bad_mode
23e04330 T do_irq
23e04354 T do_fiq
23e04378 T do_not_used
23e0439c T do_data_abort
23e043c0 T do_prefetch_abort
23e043e4 T do_software_interrupt
23e04408 T do_undefined_instruction
23e0442c T do_reset
23e0445c t print_num
23e04470 T do_bdinfo
23e04598 W do_go_exec
23e045b0 T do_go
23e04620 t __fswab32
23e04640 t image_get_data
23e04648 T __arch_preboot_os
23e04648 W arch_preboot_os
23e0464c t image_check_magic
23e04670 t image_info
23e04738 T do_iminfo
23e04798 t image_get_size
23e047a0 t image_get_data_size
23e047a4 T do_bootd
23e047c8 t do_bootm_rtems
23e04804 t do_bootm_netbsd
23e04930 t bootm_start
23e04cb8 t bootm_load_os
23e04e30 T do_bootm_subcommand
23e05078 T do_bootm
23e0530c T bootm_maybe_autostart
23e05380 T do_coninfo
23e05470 T do_echo
23e054f0 T do_exit
23e05520 T do_flinfo
23e05528 T do_flerase
23e05530 T do_protect
23e05588 T do_help
23e055d4 t evalstr
23e055f0 t evalexp
23e0565c T binary_test
23e0581c T do_itest
23e058b4 T ktrans
23e058d4 T chk1
23e05904 t bin_data_init
23e05920 t bin_data_char
23e05940 T k_data_init
23e05960 T k_data_save
23e05980 T k_data_restore
23e059a0 T k_data_char
23e059f0 T send_pad
23e05a20 T s1_sendpacket
23e05a4c T handle_send_packet
23e05c10 T send_nack
23e05c70 T send_ack
23e05cd0 t load_serial_ymodem
23e05dd8 t getcxmodem
23e05df8 T do_load_serial_bin
23e06258 t load_serial
23e06454 T do_load_serial
23e06534 T do_mem_crc
23e065dc T do_mem_base
23e06620 T do_mem_mtest
23e067c8 T do_mem_loop
23e068c0 T do_mem_cp
23e06994 T do_mem_cmp
23e06b30 T do_mem_mw
23e06bf4 t mod_mem
23e06d40 T do_mem_nm
23e06d60 T do_mem_mm
23e06d80 T do_mem_md
23e06e5c T main_menu_usage
23e06ee8 T menu_shell
23e07024 T do_menu
23e07034 T do_sleep
23e070b4 t INIT_LIST_HEAD
23e070c0 t __list_add
23e070d4 t list_add_tail
23e070e0 t list_del
23e07100 t list_empty
23e07114 T device_find
23e07164 t mtd_part_info
23e071f8 t index_partitions
23e072b4 t memsize_format
23e07310 t current_save
23e073c0 t part_sort_add
23e074e4 t part_delall
23e0751c t device_delall
23e0756c t mtd_devices_init
23e07594 t device_del
23e075f8 t memsize_parse
23e07660 T mtd_id_parse
23e0776c T find_dev_and_part
23e07920 t get_mtd_info
23e079a0 t part_validate
23e07c14 t device_parse
23e080e8 T mtd_device_validate
23e0811c t generate_mtdparts_save
23e0840c T mtdparts_init
23e089e0 T do_mtdparts
23e08f88 T do_chpart
23e09054 t nand_print_info
23e090b0 t set_dev
23e09120 t nand_load_image
23e092cc T do_nandboot
23e09538 t str2off
23e09574 t arg_off_size
23e0977c T do_nand
23e0a208 T do_ping
23e0a288 t netboot_common
23e0a550 T do_nfs
23e0a55c T do_dhcp
23e0a568 T do_tftpb
23e0a574 T do_bootp
23e0a580 T get_env_id
23e0a590 t do_env
23e0a5f0 t do_env_delete
23e0a608 t do_env_import
23e0a84c t do_env_default
23e0a894 T envmatch
23e0a8f4 T getenv_f
23e0a9b0 T do_env_save
23e0a9dc T getenv
23e0aa4c t env_print
23e0aae8 T do_env_print
23e0ab74 T _do_env_set
23e0af48 T do_env_set
23e0af64 T setenv
23e0afb0 t do_env_export
23e0b1d8 T do_env_edit
23e0b244 t __fswab32
23e0b264 T source
23e0b394 T do_source
23e0b3d8 T do_false
23e0b3e0 T do_true
23e0b3e8 T do_test
23e0b864 T do_usbd_dnw
23e0b968 T do_version
23e0b9a0 T do_imgextract
23e0bc78 T cmd_get_data_size
23e0bcf0 T cmd_usage
23e0bd4c T find_cmd_tbl
23e0bdec T find_cmd
23e0be14 T _do_help
23e0bf94 t console_setfile
23e0c03c T fgetc
23e0c064 T ftstc
23e0c08c T fputc
23e0c0b8 T fputs
23e0c0e4 T disable_ctrlc
23e0c0fc T had_ctrlc
23e0c10c T clear_ctrlc
23e0c120 T dbg
23e0c12c T console_init_f
23e0c13c T search_device
23e0c164 T console_assign
23e0c1a4 T fprintf
23e0c1f4 T puts
23e0c210 T vprintf
23e0c244 T printf
23e0c28c T stdio_print_current_devices
23e0c344 T console_init_r
23e0c42c T serial_printf
23e0c474 T putc
23e0c490 T tstc
23e0c4a8 T getc
23e0c4c0 T ctrlc
23e0c510 T malloc_usable_size
23e0c554 T mallopt
23e0c5c4 T mem_malloc_init
23e0c5f4 T sbrk
23e0c64c T malloc_trim
23e0c718 T free
23e0c950 T cfree
23e0c954 T malloc
23e0cf88 T memalign
23e0d098 T pvalloc
23e0d0b0 T valloc
23e0d0bc T calloc
23e0d19c T realloc
23e0d628 T env_get_addr
23e0d648 T env_get_char_memory
23e0d658 T set_default_env
23e0d6fc T env_relocate
23e0d72c T env_import
23e0d800 T env_get_char
23e0d830 t nand_block_isbad
23e0d840 T env_get_char_spec
23e0d84c T env_init
23e0d868 T writeenv
23e0d918 T readenv
23e0d9c0 T env_relocate_spec
23e0da04 T saveenv
23e0db4c t dummy
23e0db50 T get_version
23e0db58 T jumptable_init
23e0dd74 t b_reset
23e0dd90 T simple_itoa
23e0dde4 t static_get
23e0de00 t static_peek
23e0de0c t file_peek
23e0de18 t setup_string_in_str
23e0de44 t indenter
23e0de54 t is_assignment
23e0deb0 T mapset
23e0dedc t syntax_err
23e0dee8 T do_showvar
23e0dfd4 T u_boot_hush_start
23e0e024 t xmalloc
23e0e044 T new_pipe
23e0e06c t file_get
23e0e23c t free_pipe_list
23e0e320 t b_free
23e0e344 T unset_local_var
23e0e3e0 t xrealloc
23e0e400 t done_command
23e0e488 t initialize_context
23e0e4c0 t done_pipe
23e0e508 T reserved_word
23e0e640 t b_addchr
23e0e6bc t done_word
23e0e83c t b_addqchr
23e0e888 T set_local_var
23e0ea38 T update_ifs_map
23e0eaa8 T get_local_var
23e0eb30 t insert_var_value
23e0ec74 t run_list_real
23e0f434 t parse_stream_outer
23e0fa14 T parse_file_outer
23e0fa58 T parse_string_outer
23e0fb20 t __fswab32
23e0fb40 t image_get_data
23e0fb48 t image_check_type
23e0fb5c T image_multi_count
23e0fb84 T get_table_entry_name
23e0fbac T genimg_get_os_name
23e0fbc4 T genimg_get_arch_name
23e0fbdc T genimg_get_type_name
23e0fbf4 T genimg_get_comp_name
23e0fc0c T genimg_get_image
23e0fc10 T genimg_has_config
23e0fc18 T getenv_yesno
23e0fc3c T getenv_bootm_low
23e0fc6c T get_table_entry_id
23e0fcb8 T genimg_get_comp_id
23e0fcd0 T genimg_get_type_id
23e0fce8 T genimg_get_arch_id
23e0fd00 T genimg_get_os_id
23e0fd18 t image_check_magic
23e0fd3c T genimg_get_format
23e0fd50 t image_get_data_size
23e0fd58 t image_get_load
23e0fd60 T image_multi_getimg
23e0fde4 T genimg_print_size
23e0fe14 T image_print_contents
23e0ffa8 T memmove_wd
23e0ffb4 T boot_ramdisk_high
23e100e0 T getenv_bootm_size
23e1013c T getenv_bootm_mapsize
23e1016c T image_check_dcrc
23e101b4 T image_check_hcrc
23e10208 T boot_get_ramdisk
23e10454 T __show_boot_progress
23e10454 W show_boot_progress
23e10458 T parse_line
23e104e4 T do_run
23e10554 T run_command
23e10940 t delete_char
23e10a1c t cread_add_char
23e10b0c t cread_add_str
23e10b5c T readline_into_buffer
23e113a0 T readline
23e113bc T main_loop
23e114ec T get_ram_size
23e115fc t hex1_bin
23e11634 t hex2_bin
23e11668 T srec_decode
23e118d8 T serial_register
23e118f0 T serial_reinit_all
23e1191c T serial_puts
23e11964 T serial_putc
23e119ac T serial_tstc
23e119ec T serial_getc
23e11a2c T serial_setbrg
23e11a6c T serial_init
23e11aac T serial_assign
23e11af8 T serial_initialize
23e11b38 T serial_stdio_init
23e11bc4 T stdio_get_list
23e11bd0 T stdio_clone
23e11c18 T stdio_register
23e11c58 T stdio_init
23e11ce8 T stdio_get_by_name
23e11d3c T parse_num
23e11e64 T xyzModem_error
23e11f00 T xyzModem_stream_close
23e11f4c T CYGACC_COMM_IF_PUTC
23e11f54 T CYGACC_COMM_IF_GETC_TIMEOUT
23e11fa8 t xyzModem_flush
23e11fd0 T xyzModem_stream_terminate
23e120a4 t xyzModem_get_hdr
23e12328 T xyzModem_stream_read
23e125b4 T xyzModem_stream_open
23e12718 T get_dev
23e12720 T s5p_gpio_cfg_pin
23e1273c T s5p_gpio_direction_output
23e12774 T s5p_gpio_direction_input
23e1277c T s5p_gpio_set_value
23e127a0 T s5p_gpio_get_value
23e127b8 T s5p_gpio_set_pull
23e127e0 T s5p_gpio_set_drv
23e1280c T s5p_gpio_set_rate
23e12834 T s5p_gpio_get_bank
23e12854 T s5p_gpio_get_pin
23e1286c T gpio_request
23e12874 T gpio_direction_input
23e128a0 T gpio_direction_output
23e128d4 T gpio_get_value
23e128fc T gpio_set_value
23e1292c T get_mtd_device
23e1299c T put_mtd_device
23e129c8 T del_mtd_device
23e12a18 T add_mtd_device
23e12a80 T get_mtd_device_nm
23e12ae4 T nand_init
23e12ba4 t generic_ffs
23e12bfc t nand_release_device
23e12c14 t nand_read_byte
23e12c28 t nand_read_byte16
23e12c3c t nand_read_word
23e12c4c t nand_write_buf
23e12c80 t nand_read_buf
23e12cac t nand_verify_buf
23e12cf8 t nand_write_buf16
23e12d30 t nand_read_buf16
23e12d68 t nand_verify_buf16
23e12db4 t nand_check_wp
23e12df0 t nand_get_device
23e12dfc t nand_block_bad
23e12f00 t nand_read_page_raw
23e12f38 t nand_read_page_raw_syndrome
23e13008 t nand_read_page_swecc
23e13124 t nand_read_subpage
23e133b8 t nand_read_page_hwecc
23e134f4 t nand_read_page_hwecc_oob_first
23e13634 t nand_read_page_syndrome
23e13758 t nand_read_oob_std
23e1379c t nand_read_oob_syndrome
23e138ac t nand_write_oob_std
23e1391c t nand_write_oob_syndrome
23e13ad4 t nand_write_page_raw
23e13b08 t nand_write_page_raw_syndrome
23e13bd4 t nand_write_page_swecc
23e13c78 t nand_write_page_hwecc
23e13d44 t nand_write_page_syndrome
23e13e34 t nand_write_page
23e13ef4 t single_erase_cmd
23e13f30 t multi_erase_cmd
23e13fbc t nand_sync
23e13fe0 T nand_release
23e14008 T nand_scan_ident
23e145f0 T nand_scan_tail
23e14b7c T nand_scan
23e14ba0 t nand_select_chip
23e14bf8 t nand_block_checkbad
23e14c78 t nand_block_isbad
23e14cc0 t nand_block_markbad
23e14cfc t nand_fill_oob
23e14e0c t nand_do_write_oob
23e14fb4 t nand_do_write_ops
23e152b0 t nand_write_oob
23e1537c t nand_transfer_oob
23e1548c t nand_write
23e15680 t nand_default_block_markbad
23e15780 T nand_erase_nand
23e15b60 t nand_erase
23e15b68 t nand_wait
23e15c44 T nand_wait_ready
23e15c90 t nand_do_read_ops
23e160a8 t nand_read_oob
23e16384 t nand_read
23e1642c t nand_command
23e16608 t nand_command_lp
23e16870 t check_pattern
23e16928 t scan_read_raw
23e16974 T nand_isbad_bbt
23e169c4 t create_bbt
23e16c9c t search_bbt
23e16eb8 t read_bbt
23e17104 t read_abs_bbt
23e17204 t write_bbt
23e17878 T nand_update_bbt
23e179d0 t mark_bbt_region
23e17b50 T nand_scan_bbt
23e17fd4 T nand_default_bbt
23e18098 T nand_calculate_ecc
23e18190 T nand_correct_data
23e182bc t nand_read
23e182e8 t nand_block_isbad
23e182f8 t nand_block_bad_scrub
23e18300 t check_skip_len
23e18388 T nand_read_skip_bad
23e18564 T nand_write_skip_bad
23e187f8 T nand_erase_opts
23e18b90 t s3c_nand_hwcontrol
23e18c0c t s3c_nand_device_ready
23e18c28 t s3c_nand_calculate_ecc
23e18cd0 t s3c_nand_wait_ecc_busy_8bit
23e18ce8 T s3c_nand_enable_hwecc_8bit
23e18e4c T s3c_nand_read_oob_8bit
23e18e90 T s3c_nand_write_oob_8bit
23e18ef8 t s3c_nand_read_page_4bit
23e1900c t s3c_nand_write_page_4bit
23e190d8 T board_nand_init
23e19418 t s3c_nand_correct_data
23e19600 t s3c_nand_enable_hwecc
23e19684 T s3c_nand_correct_data_8bit
23e197dc T s3c_nand_calculate_ecc_8bit
23e1990c T s3c_nand_read_page_8bit
23e199fc T s3c_nand_write_page_8bit
23e19acc t s3c_nand_scan_bbt
23e19ad0 t dm9000_outblk_8bit
23e19af8 t dm9000_outblk_16bit
23e19b30 t dm9000_outblk_32bit
23e19b64 t dm9000_inblk_8bit
23e19b90 t dm9000_inblk_16bit
23e19bc8 t dm9000_inblk_32bit
23e19bfc t dm9000_rx_status_32bit
23e19c24 t dm9000_rx_status_16bit
23e19c50 t dm9000_rx_status_8bit
23e19c9c t DM9000_ior
23e19cbc t DM9000_iow
23e19cd8 T dm9000_initialize
23e19d5c t dm9000_reset
23e19dfc t dm9000_rx
23e19f44 t dm9000_halt
23e19fb4 t dm9000_phy_read
23e1a00c t dm9000_init
23e1a314 t dm9000_send
23e1a3e4 t samsung_get_base_uart
23e1a41c t serial_err_check
23e1a448 T serial_getc_dev
23e1a498 T serial_tstc_dev
23e1a4b4 T s5p_serial0_getc
23e1a4bc T s5p_serial0_tstc
23e1a4c4 T s5p_serial1_getc
23e1a4cc T s5p_serial1_tstc
23e1a4d4 T s5p_serial2_getc
23e1a4dc T s5p_serial2_tstc
23e1a4e4 T s5p_serial3_getc
23e1a4ec T s5p_serial3_tstc
23e1a4f4 W default_serial_console
23e1a500 T serial_putc_dev
23e1a554 T s5p_serial3_putc
23e1a55c T s5p_serial2_putc
23e1a564 T s5p_serial1_putc
23e1a56c T s5p_serial0_putc
23e1a574 T serial_puts_dev
23e1a5a4 T s5p_serial3_puts
23e1a5ac T s5p_serial2_puts
23e1a5b4 T s5p_serial1_puts
23e1a5bc T s5p_serial0_puts
23e1a5c4 T serial_setbrg_dev
23e1a610 T s5p_serial3_setbrg
23e1a618 T s5p_serial2_setbrg
23e1a620 T s5p_serial1_setbrg
23e1a628 T s5p_serial0_setbrg
23e1a630 T serial_init_dev
23e1a670 T s5p_serial3_init
23e1a678 T s5p_serial2_init
23e1a680 T s5p_serial1_init
23e1a688 T s5p_serial0_init
23e1a690 T crc7
23e1a6cc T cyg_crc16
23e1a714 T crc32_no_comp
23e1a80c T crc32
23e1a820 T crc32_wd
23e1a824 T print_size
23e1a980 T display_options
23e1a9a0 T print_buffer
23e1ab10 T zunzip
23e1ac18 T gunzip
23e1ace0 T zfree
23e1ace8 T zalloc
23e1acf8 T hdestroy_r
23e1ad6c T hcreate_r
23e1ae14 T hexport_r
23e1b064 t cmpkey
23e1b078 T hsearch_r
23e1b358 T hdelete_r
23e1b3e0 T himport_r
23e1b634 T hmatch_r
23e1b6d4 T hstrstr_r
23e1b784 T lmb_dump_all
23e1b788 t lmb_addrs_adjacent
23e1b7ac t lmb_remove_region
23e1b7e8 T lmb_init
23e1b810 t lmb_add_region
23e1b9dc T lmb_add
23e1b9e0 T lmb_free
23e1bae0 T lmb_reserve
23e1bae8 T lmb_overlaps_region
23e1bb44 t lmb_align_down
23e1bb50 T __lmb_alloc_base
23e1bc60 T lmb_is_reserved
23e1bcc0 T __board_lmb_reserve
23e1bcc0 W board_lmb_reserve
23e1bcc4 T __arch_lmb_reserve
23e1bcc8 T lmb_alloc_base
23e1bcfc T lmb_alloc
23e1bd04 T ldiv
23e1bd54 T string_to_ip
23e1bdd0 T qsort
23e1bee4 T strcmp_compar
23e1bef0 T strmhz
23e1bf5c T __div64_32
23e1c050 T strcpy
23e1c06c T strncpy
23e1c094 T strcat
23e1c0c8 T strncat
23e1c12c T strcmp
23e1c164 T strncmp
23e1c1b4 T strchr
23e1c1e0 T strlen
23e1c200 T strrchr
23e1c238 T strnlen
23e1c260 T strspn
23e1c2a4 T strpbrk
23e1c2e4 T strtok
23e1c364 T strsep
23e1c398 T strswab
23e1c3e4 T memset
23e1c460 T bcopy
23e1c48c T memcpy
23e1c510 T memmove
23e1c574 T memcmp
23e1c5b4 T memscan
23e1c5e4 T strstr
23e1c648 T memchr
23e1c678 T strdup
23e1c6ac T udelay
23e1c6d8 t __toupper
23e1c6f4 t pack_hex_byte
23e1c720 T simple_strtoul
23e1c7d8 T simple_strtol
23e1c800 T ustrtoul
23e1c874 T simple_strtoull
23e1c950 t skip_atoi
23e1c988 t put_dec_trunc
23e1ca64 T panic
23e1caac t string
23e1cb5c t put_dec
23e1cc8c t number
23e1cef4 T vsprintf
23e1d56c T sprintf
23e1d594 T strict_strtoul
23e1d610 T inflate_fast
23e1db78 T inflate_table
23e1e110 T inflateReset
23e1e18c T inflateInit2_
23e1e294 T inflateInit_
23e1e2a4 T inflateEnd
23e1e30c T adler32
23e1e648 T zcfree
23e1e650 T zcalloc
23e1e658 T inflate
23e1fe00 t __fswab16
23e1fe14 t __fswab32
23e1fe34 t truncate_sz
23e1fe68 t NetWriteIP
23e1fe84 t NetCopyLong
23e1fe8c t NetCopyIP
23e1fe94 t NetReadLong
23e1feb0 t DhcpOptionsProcess
23e20080 t DhcpExtended
23e20210 T BootpRequest
23e203d8 T DhcpRequest
23e203dc t DhcpHandler
23e2074c t BootpTimeout
23e20794 t is_valid_ether_addr
23e207dc W cpu_eth_init
23e207dc t __def_eth_init
23e207e4 T eth_get_dev
23e207f4 T eth_get_dev_by_index
23e20834 T eth_get_dev_index
23e20880 T eth_halt
23e208b4 T eth_send
23e208e8 T eth_rx
23e20914 T eth_get_name
23e20934 T eth_get_dev_by_name
23e20988 t eth_current_changed
23e209e4 T eth_set_current
23e20a7c T eth_try_another
23e20af8 T eth_register
23e20b84 T eth_setenv_enetaddr
23e20bbc T eth_parse_enetaddr
23e20c18 T eth_getenv_enetaddr
23e20c38 T eth_getenv_enetaddr_by_index
23e20c88 T eth_init
23e20d50 T eth_write_hwaddr
23e20e80 T eth_initialize
23e2101c t __fswab16
23e21030 t startAgainTimeout
23e21044 t startAgainHandler
23e21048 T NetSetHandler
23e21058 t PingHandler
23e21074 T NetCksum
23e210bc T NetCksumOk
23e210e0 T copy_filename
23e21138 T string_to_VLAN
23e21184 T getenv_VLAN
23e21194 T NetEthHdrSize
23e211d8 T VLAN_to_string
23e21230 T ip_to_string
23e21280 T random_port
23e2129c T NetSetTimeout
23e212cc t NetCopyIP
23e212d4 T NetSetIP
23e213cc T NetSetEther
23e21480 t NetReadIP
23e2149c t NetWriteIP
23e214b8 T NetSendPacket
23e214bc T NetReceive
23e21964 T ArpRequest
23e21a50 T PingSend
23e21b8c T NetSendUDPPacket
23e21cc8 t PingTimeout
23e21ce4 T NetStartAgain
23e21df0 T ArpTimeoutCheck
23e21e64 t getenv_IPaddr
23e21e74 T NetLoop
23e222a0 t __fswab32
23e222c0 t basename
23e222fc t dirname
23e22318 t rpc_add_credentials
23e223f0 t rpc_lookup_reply
23e22490 t nfs_mount_reply
23e2252c t nfs_umountall_reply
23e225ac t nfs_lookup_reply
23e22640 t rpc_req
23e2274c t rpc_lookup_req
23e227b0 t nfs_mount_req
23e22840 t nfs_umountall_req
23e22898 t nfs_lookup_req
23e2293c t nfs_read_req
23e229bc t nfs_readlink_req
23e22a14 t NfsSend
23e22aa8 T NfsStart
23e22cd4 t nfs_readlink_reply
23e22dc8 t nfs_read_reply
23e22f0c t NfsHandler
23e230e8 t NfsTimeout
23e23140 t __fswab16
23e23154 t TftpSend
23e232e8 T TftpStart
23e235cc t TftpTimeout
23e2363c t TftpHandler
23e23924 T board_late_init
23e2392c T checkboard
23e23944 T board_init
23e239f0 T board_eth_init
23e239f4 T dram_init_banksize
23e23a1c T dram_init
23e23a3c t _TEXT_BASE
23e23a40 T lowlevel_init
23e23b44 t wakeup_reset_from_didle
23e23b48 t lockloop
23e23b5c t wakeup_reset_pre
23e23b78 t wakeup_reset
23e23b84 t exit_wakeup
23e23b98 t system_clock_init
23e23c28 t uart_asm_init
23e23c78 t nand_asm_init
23e23d10 t tzpc_init
23e23d64 t onenandcon_init
23e23d98 t wait_orwb
23e23e80 T mem_ctrl_asm_init
23e23f3c t find_lock_val
23e240a8 t find_lock_val1
23e241f8 T cleanDCache
23e24204 T cleanFlushDCache
23e24210 T cleanFlushCache
23e242a0 T v7_flush_dcache_all
23e242b8 t Loop1
23e242f8 t Loop2
23e242fc t Loop3
23e24318 t Skip
23e24324 t Finished
23e24340 T disable_l2cache
23e24360 T enable_l2cache
23e24380 T set_l2cache_auxctrl
23e243a0 T set_l2cache_auxctrl_cycle
23e243c0 t CoInvalidateDCacheIndex
23e243e0 T __aeabi_unwind_cpp_pr0
23e243e4 T raise
23e2442c T __udivsi3
23e2442c t .udivsi3_nodiv0
23e2442c t __aeabi_uidiv
23e24520 t __aeabi_uidivmod
23e24540 T __divsi3
23e24540 t __aeabi_idiv
23e24548 t .divsi3_nodiv0
23e24668 t __aeabi_idivmod
23e24688 T __lshrdi3
23e24688 t __aeabi_llsr
23e246a4 T __ashrdi3
23e246a4 t __aeabi_lasr
23e246c0 T __ashldi3
23e246c0 t __aeabi_llsl
23e246dc W __aeabi_ldiv0
23e246dc t __aeabi_idiv0
23e246f0 r default_nand_name
23e246f8 r __func__.5514
23e2470c r __FUNCTION__.5635
23e2471b r __FUNCTION__.3835
23e2472c r __FUNCTION__.5081
23e2473a r __FUNCTION__.4547
23e2474c r C.58.3991
23e24750 r C.179.5366
23e24758 r nand_ecc_precalc_table
23e24858 R nand_flash_ids
23e24cc0 R nand_manuf_ids
23e24d10 r C.43.3136
23e24d90 r boot_os
23e24ddc r op_table
23e24e44 r __func__.3624
23e24e54 r baudrate_table
23e24e68 r __func__.3567
23e24e78 V version_string
23e24ebc R default_environment
23e24f8c r __func__.3285
23e24f9c r __func__.3299
23e24fa7 r __func__.3969
23e24fb0 r uimage_os
23e25004 r uimage_arch
23e250e8 r uimage_type
23e251b4 r uimage_comp
23e251fc r erase_seq
23e25200 r tab_seq
23e2520c r udivslot
23e2524c R crc7_syndrome_table
23e2534c r crc16_tab
23e2554c r crc_table
23e2594c r names.3143
23e25952 R _ctype
23e25a52 R hex_asc
23e25a63 r digits.3392
23e25a74 r lbase.3655
23e25ab2 r lext.3656
23e25af0 r dbase.3657
23e25b30 r dext.3658
23e25b70 r lenfix
23e26370 r distfix
23e263f0 r order.3881
23e26418 R z_errmsg
23e26440 R config_full
23e26449 R config_full_total
23e26469 R config_high
23e26472 R config_high_total
23e26492 R qualifier_desc
23e2649c R string_desc0
23e264a0 R string_desc1
23e264c6 R string_desc2
23e2ce78 D test_pkt
23e2ceb0 D s5p_cpu_id
23e2ceb4 D s5p_cpu_rev
23e2ceb8 D init_sequence
23e2cee4 d cmd_bootm_sub
23e2cf8c d do_echo
23e2cf90 d dp_last_length
23e2cf94 d env_id
23e2cf98 d cmd_env_sub
23e2d070 D load_addr
23e2d074 d trim_threshold
23e2d078 d mmap_threshold
23e2d07c d av_
23e2d484 d sbrk_base
23e2d488 D env_name_spec
23e2d48c d blanks.3616
23e2d4b4 d reserved_list
23e2d538 d hist_cur
23e2d53c D stdio_names
23e2d548 D nand_curr_device
23e2d54c d nand_oob_8
23e2d794 d nand_oob_16
23e2d9dc d nand_oob_64
23e2dc24 d nand_oob_128
23e2de6c d bbt_main_descr
23e2de90 d bbt_mirror_descr
23e2deb4 d agand_flashbased
23e2ded8 d smallpage_flashbased
23e2defc d largepage_flashbased
23e2df20 d smallpage_memorybased
23e2df44 d largepage_memorybased
23e2df68 d bbt_pattern
23e2df6c d mirror_pattern
23e2df70 d scan_agand_pattern
23e2df76 d scan_ff_pattern
23e2df78 d s3c_nand_oob_128
23e2e1c0 d s3c_nand_oob_64_8bit
23e2e408 d s3c_nand_oob_16
23e2e650 d s3c_nand_oob_mlc_64
23e2e898 D s5p_serial0_device
23e2e8c8 D s5p_serial1_device
23e2e8f8 D s5p_serial2_device
23e2e928 D s5p_serial3_device
23e2e958 D NetOurVLAN
23e2e95a D NetOurNativeVLAN
23e2e95c D NetBcastAddr
23e2e964 d nfs_offset
23e2e968 d TftpTimeoutMSecs
23e2e96c d TftpBlkSizeOption
23e2e970 d TftpTimeoutCountMax
23e2e974 D TftpRRQTimeoutCountMax
23e2e978 d TftpBlkSize
23e2e97c D TftpRRQTimeoutMSecs
23e2e98c A __u_boot_cmd_start
23e2e98c D __u_boot_cmd_bdinfo
23e2e9a4 D __u_boot_cmd_go
23e2e9bc D __u_boot_cmd_reset
23e2e9d4 D __u_boot_cmd_bootm
23e2e9ec D __u_boot_cmd_boot
23e2ea04 D __u_boot_cmd_bootd
23e2ea1c D __u_boot_cmd_iminfo
23e2ea34 D __u_boot_cmd_coninfo
23e2ea4c D __u_boot_cmd_echo
23e2ea64 D __u_boot_cmd_exit
23e2ea7c D __u_boot_cmd_flinfo
23e2ea94 D __u_boot_cmd_erase
23e2eaac D __u_boot_cmd_protect
23e2eac4 D __u_boot_cmd_help
23e2eadc D __u_boot_cmd_question_mark
23e2eaf4 D __u_boot_cmd_itest
23e2eb0c D __u_boot_cmd_loads
23e2eb24 D __u_boot_cmd_loadb
23e2eb3c D __u_boot_cmd_loady
23e2eb54 D __u_boot_cmd_md
23e2eb6c D __u_boot_cmd_mm
23e2eb84 D __u_boot_cmd_nm
23e2eb9c D __u_boot_cmd_mw
23e2ebb4 D __u_boot_cmd_cp
23e2ebcc D __u_boot_cmd_cmp
23e2ebe4 D __u_boot_cmd_crc32
23e2ebfc D __u_boot_cmd_base
23e2ec14 D __u_boot_cmd_loop
23e2ec2c D __u_boot_cmd_mtest
23e2ec44 D __u_boot_cmd_menu
23e2ec5c D __u_boot_cmd_sleep
23e2ec74 D __u_boot_cmd_chpart
23e2ec8c D __u_boot_cmd_mtdparts
23e2eca4 D __u_boot_cmd_nand
23e2ecbc D __u_boot_cmd_nboot
23e2ecd4 D __u_boot_cmd_bootp
23e2ecec D __u_boot_cmd_tftpboot
23e2ed04 D __u_boot_cmd_dhcp
23e2ed1c D __u_boot_cmd_nfs
23e2ed34 D __u_boot_cmd_ping
23e2ed4c D __u_boot_cmd_saveenv
23e2ed64 D __u_boot_cmd_env
23e2ed7c D __u_boot_cmd_editenv
23e2ed94 D __u_boot_cmd_printenv
23e2edac D __u_boot_cmd_setenv
23e2edc4 D __u_boot_cmd_run
23e2eddc D __u_boot_cmd_source
23e2edf4 D __u_boot_cmd_test
23e2ee0c D __u_boot_cmd_false
23e2ee24 D __u_boot_cmd_true
23e2ee3c D __u_boot_cmd_dnw
23e2ee54 D __u_boot_cmd_version
23e2ee6c D __u_boot_cmd_imxtract
23e2ee84 D __u_boot_cmd_showvar
23e2ee9c A __image_copy_end
23e2ee9c A __u_boot_cmd_end
23e2ee9c B __bss_start
23e2ee9c B otg
23e2ee9c R __rel_dyn_start
23e2ef20 B remode_wakeup
23e2ef24 B get_status
23e2ef2a B config_value
23e2ef2c B get_intf
23e2ef30 B op_mode
23e2ef34 B s3c_usbd_dn_addr
23e2ef38 B speed
23e2ef3c B s3c_usbd_dn_cnt
23e2ef40 B s3c_receive_done
23e2ef44 B s3c_got_header
23e2ef48 B DNW
23e2ef4c B monitor_flash_len
23e2ef50 b params
23e2ef58 b images
23e2f084 b os_data_state
23e2f088 b os_data_addr
23e2f08c b bin_start_address
23e2f090 b k_data_escape
23e2f094 B os_data_init
23e2f098 b k_data_escape_saved
23e2f09c b os_data_state_saved
23e2f0a0 b os_data_addr_saved
23e2f0a4 B os_data_char
23e2f0a8 B his_quote
23e2f0ac B his_pad_count
23e2f0b0 B his_pad_char
23e2f0b1 B his_eol
23e2f0b4 B send_ptr
23e2f0b8 B send_parms
23e2f0cc b a_b
23e2f0e4 b base_address
23e2f0e8 b mm_last_addr
23e2f0ec b mm_last_size
23e2f0f0 b dp_last_addr
23e2f0f4 b dp_last_size
23e2f0f8 B devices
23e2f100 B current_mtd_dev
23e2f104 B current_mtd_partnum
23e2f105 b last_partition
23e2f115 b last_parts
23e2f318 B mtdids
23e2f320 b initialized.4836
23e2f324 b last_ids
23e2f3a8 b last.4199
23e2f3b0 b ctrlc_disabled
23e2f3b4 b ctrlc_was_pressed
23e2f3b8 b top_pad
23e2f3bc b n_mmaps_max
23e2f3c0 B mem_malloc_start
23e2f3c4 B mem_malloc_end
23e2f3c8 B mem_malloc_brk
23e2f3cc b current_mallinfo
23e2f3f4 b max_sbrked_mem
23e2f3f8 b max_total_mem
23e2f3fc B env_htab
23e2f408 B env_ptr
23e2f40c b local.3405
23e2f422 b map
23e2f524 b top_vars
23e2f528 b flag_repeat
23e2f52c b do_repeat
23e2f530 b the_command.3432
23e2f630 b ifs
23e2f634 b buf.3892
23e2f65c B last_return_code
23e2f660 B nesting_level
23e2f664 b initted.3368
23e2f668 b hist_max
23e2f66c b hist_add_idx
23e2f670 B hist_num
23e2f674 B hist_lines
23e30a88 B hist_list
23e30ad8 B console_buffer
23e30bdc b serial_devices
23e30be0 b serial_current
23e30be4 b devs
23e30c20 B stdio_devices
23e30c2c b xyz
23e31068 B mtd_table
23e310e8 B nand_info
23e31198 b nand_chip
23e312b8 B nand_type
23e312bc B cur_ecc_mode
23e312c0 b dm9000_info
23e313a4 B errno
23e313a8 B ___strtok
23e313ac B dhcp_leasetime
23e313b0 B NetDHCPServerIP
23e313b4 B dhcp_state
23e313b8 B BootpTry
23e313bc B BootpID
23e313c0 b eth_current
23e313c4 b eth_devices
23e313c8 b act.3954
23e313cc b env_changed_id.3955
23e313d0 b first_failed.3944
23e313d4 B NetState
23e313d8 b packetHandler
23e313dc B NetPingIP
23e313e0 b timeHandler
23e313e4 b timeStart
23e313e8 b timeDelta
23e313ec B NetIPID
23e313f0 B NetOurIP
23e313f4 B NetOurEther
23e313fc B NetRxPacket
23e31400 B NetRxPacketLen
23e31404 B NetArpWaitPacketIP
23e31408 B NetArpWaitPacketMAC
23e3140c B NetArpWaitReplyIP
23e31410 B NetArpWaitTxPacket
23e31414 B NetArpWaitTxPacketSize
23e31418 B NetTxPacket
23e3141c B NetOurSubnetMask
23e31420 B NetOurGatewayIP
23e31424 b mac.3414
23e3142a B NetEtherNullAddr
23e31430 b PingSeqNo
23e31434 B NetArpWaitTry
23e31438 B NetArpWaitTimerStart
23e3143c b NetTryCount
23e31440 b NetRestarted
23e31444 B NetRestartWrap
23e31448 b NetDevExists
23e3144c B PktBuf
23e3326c B NetRxPackets
23e3327c B NetArpWaitPacketBuf
23e3389c b env_changed_id.3259
23e338a0 B NetServerIP
23e338a4 B NetBootFileXferSize
23e338a8 B NetOurNISDomain
23e338c8 B NetOurHostName
23e338e8 B NetOurRootPath
23e33928 B NetOurDNSIP
23e3392c B NetBootFileSize
23e3392e B NetServerEther
23e33934 B BootFile
23e339b4 b rpc_id
23e339b8 b NfsSrvMountPort
23e339bc b NfsSrvNfsPort
23e339c0 b fs_mounted
23e339c4 b dirfh
23e339e4 b filefh
23e33a04 b NfsServerIP
23e33a08 b NfsOurPort
23e33a0c b NfsState
23e33a10 b nfs_path
23e33a14 b nfs_filename
23e33a18 b nfs_len
23e33a1c b NfsDownloadState
23e33a20 b nfs_path_buff
23e33d8c R __dynsym_start
23e33d8c R __rel_dyn_end
23e33e4c A _end
23e34220 b default_filename
23e34260 b NfsTimeoutCount
23e34264 b TftpState
23e34268 b tftp_filename
23e342e8 b TftpBlock
23e342ec b TftpRemoteIP
23e342f0 b TftpRemotePort
23e342f4 b TftpOurPort
23e342f8 b default_filename
23e34308 b TftpTimeoutCount
23e3430c b TftpBlockWrap
23e34310 b TftpBlockWrapOffset
23e34314 b TftpLastBlock
23e34318 b s5pc110_gpio
23e3431c B __bss_end__
